name: hello
limit: 500
memory_size: 200
input_streams:
  0x80: []
  0x84: []
reports:
  - name: binary
    slice: mem
    view: |
      {instruction}
  - name: Step-by-step
    slice: all
    view: |
      tick: {cpu:tick} || microcode - {microcode} || A: {cpu:A:hex} || B: {cpu:B:hex} 
      data stack: {stack:data}
  - name: Result
    slice: last
    view: |
      numio[0x80]: {io:in:dec}
      numio[0x84]: {io:out:dec}
      tick_count = {cpu:tick}
      {condition:[io:out:dec]=[72, 101, 108, 108, 111, 32, 119, 111, 114, 108, 100]}
      {condition:[io:out:str]=[Hello world]}