name: hello_user_name
limit: 2000
memory_size: 400
input_streams:
  0x80: [82, 111, 109, 97, 110, 0]
  0x84: []
reports:
  - name: binary
    slice: mem
    view: |
      {instruction}
  - name: Step-by-step
    slice: all
    view: |
      tick: {cpu:tick} || microcode - {microcode} || A: {cpu:A:hex} || B: {cpu:B:hex} 
      data stack: {stack:data}
  - name: Result
    slice: last
    view: |
      numio[0x80]: {io:in:dec}
      numio[0x84]: {io:out:dec}
      tick_count = {cpu:tick}
      {condition:[io:out:str]=[What is your name?Hello, Roman]}